成功！
succeed